{"level":40,"time":1776207788922,"pid":61746,"hostname":"Williams-MBP.lan","step":"review-runs","item":"3.md","index":7,"runIndex":"run-1","tool":"run_measure_distance","error":"spawnSync /bin/sh ETIMEDOUT","msg":"Script tool failed"}
{"level":40,"time":1776208028031,"pid":61746,"hostname":"Williams-MBP.lan","step":"review-runs","item":"3.md","index":7,"runIndex":"run-1","tool":"run_measure_distance","error":"spawnSync /bin/sh ETIMEDOUT","msg":"Script tool failed"}
{"level":40,"time":1776208148117,"pid":61746,"hostname":"Williams-MBP.lan","step":"review-runs","item":"3.md","index":7,"runIndex":"run-1","tool":"run_measure_distance","error":"spawnSync /bin/sh ETIMEDOUT","msg":"Script tool failed"}
{"level":40,"time":1776208315986,"pid":61746,"hostname":"Williams-MBP.lan","step":"review-runs","item":"4.md","index":26,"runIndex":"run-2","tool":"run_measure_distance","error":"spawnSync /bin/sh ETIMEDOUT","msg":"Script tool failed"}
{"level":40,"time":1776208571930,"pid":61746,"hostname":"Williams-MBP.lan","step":"review-runs","item":"14.md","index":35,"runIndex":"run-2","tool":"run_measure_distance","error":"spawnSync /bin/sh ETIMEDOUT","msg":"Script tool failed"}
{"level":40,"time":1776208694299,"pid":61746,"hostname":"Williams-MBP.lan","step":"review-runs","item":"14.md","index":35,"runIndex":"run-2","tool":"run_measure_distance","error":"spawnSync /bin/sh ETIMEDOUT","msg":"Script tool failed"}
{"level":40,"time":1776208874214,"pid":61746,"hostname":"Williams-MBP.lan","step":"review-runs","item":"14.md","index":55,"runIndex":"run-3","tool":"run_measure_distance","error":"Command failed: npx tsx /Users/wnavey/code/controlroom/conductor/workspace/bureau/jurisdictions/austin/workflows/review-4.3/scripts/measure-distance.ts --documentId=\"1144b126-1216-4dee-a89c-178950fa7777\" --sheetNum=\"21\" --objectA=\"Transformer Pad on west side of site near Building 1\" --objectB=\"nearest concrete driveway surface adjacent to the transformer\" --scaleInchesPerFeet=\"20\" --outputPath=\"/Users/wnavey/code/controlroom/conductor/workspace/output/measure-distance.json\"\nInferred projectId from workspace: 63cead15-41f8-418c-b0ef-bd5c2b44719a\nMissing required arguments. Required: documentId, sheetNum, objectA, objectB, scaleInchesPerFoot, outputPath. Optional: projectId (inferred from workspace if omitted).\n","msg":"Script tool failed"}
{"level":40,"time":1776208996400,"pid":61746,"hostname":"Williams-MBP.lan","step":"review-runs","item":"14.md","index":55,"runIndex":"run-3","tool":"run_measure_distance","error":"spawnSync /bin/sh ETIMEDOUT","msg":"Script tool failed"}
{"level":40,"time":1776209116474,"pid":61746,"hostname":"Williams-MBP.lan","step":"review-runs","item":"13.md","index":56,"runIndex":"run-3","tool":"run_measure_distance","error":"spawnSync /bin/sh ETIMEDOUT","msg":"Script tool failed"}
{"level":40,"time":1776209238150,"pid":61746,"hostname":"Williams-MBP.lan","step":"review-runs","item":"16.md","index":53,"runIndex":"run-3","tool":"run_measure_distance","error":"spawnSync /bin/sh ETIMEDOUT","msg":"Script tool failed"}
{"level":40,"time":1776209358214,"pid":61746,"hostname":"Williams-MBP.lan","step":"review-runs","item":"13.md","index":36,"runIndex":"run-2","tool":"run_measure_distance","error":"spawnSync /bin/sh ETIMEDOUT","msg":"Script tool failed"}
{"level":40,"time":1776209587137,"pid":61746,"hostname":"Williams-MBP.lan","step":"review-runs","item":"3.md","index":47,"runIndex":"run-3","tool":"run_measure_distance","error":"spawnSync /bin/sh ETIMEDOUT","msg":"Script tool failed"}
{"level":40,"time":1776209815079,"pid":61746,"hostname":"Williams-MBP.lan","step":"review-runs","item":"2.md","index":49,"runIndex":"run-3","tool":"run_measure_distance","error":"spawnSync /bin/sh ETIMEDOUT","msg":"Script tool failed"}
{"level":40,"time":1776210450028,"pid":61746,"hostname":"Williams-MBP.lan","step":"structure-comments","item":"1-t.json","error":"Agent rate-limited (rate_limit)","retry":1,"backoffMs":15751.921955168984,"isRateLimit":true,"msg":"Item failed, retrying after 16s backoff"}
{"level":40,"time":1776210450028,"pid":61746,"hostname":"Williams-MBP.lan","step":"structure-comments","item":"1-t.json","index":17,"runIndex":"run-1","retry":1,"backoffMs":15751.921955168984,"msg":"Retrying item after 16s backoff"}
{"level":40,"time":1776210452591,"pid":61746,"hostname":"Williams-MBP.lan","step":"structure-comments","item":"1-f.json","error":"Agent rate-limited (rate_limit)","retry":1,"backoffMs":16340.062843865642,"isRateLimit":true,"msg":"Item failed, retrying after 16s backoff"}
{"level":40,"time":1776210452591,"pid":61746,"hostname":"Williams-MBP.lan","step":"structure-comments","item":"1-f.json","index":31,"runIndex":"run-1","retry":1,"backoffMs":16340.062843865642,"msg":"Retrying item after 16s backoff"}
{"level":40,"time":1776210466489,"pid":61746,"hostname":"Williams-MBP.lan","step":"structure-comments","item":"1-t.json","error":"Agent rate-limited (rate_limit)","retry":2,"backoffMs":32718.019244173825,"isRateLimit":true,"msg":"Item failed, retrying after 33s backoff"}
{"level":40,"time":1776210466489,"pid":61746,"hostname":"Williams-MBP.lan","step":"structure-comments","item":"1-t.json","index":17,"runIndex":"run-1","retry":2,"backoffMs":32718.019244173825,"msg":"Retrying item after 33s backoff"}
{"level":40,"time":1776210469678,"pid":61746,"hostname":"Williams-MBP.lan","step":"structure-comments","item":"1-f.json","error":"Agent rate-limited (rate_limit)","retry":2,"backoffMs":33230.34752915186,"isRateLimit":true,"msg":"Item failed, retrying after 33s backoff"}
{"level":40,"time":1776210469678,"pid":61746,"hostname":"Williams-MBP.lan","step":"structure-comments","item":"1-f.json","index":31,"runIndex":"run-1","retry":2,"backoffMs":33230.34752915186,"msg":"Retrying item after 33s backoff"}
{"level":40,"time":1776210474567,"pid":61746,"hostname":"Williams-MBP.lan","step":"structure-comments","item":"2-a.json","error":"Agent rate-limited (rate_limit)","retry":1,"backoffMs":15846.365923420331,"isRateLimit":true,"msg":"Item failed, retrying after 16s backoff"}
{"level":40,"time":1776210474567,"pid":61746,"hostname":"Williams-MBP.lan","step":"structure-comments","item":"2-a.json","index":10,"runIndex":"run-1","retry":1,"backoffMs":15846.365923420331,"msg":"Retrying item after 16s backoff"}
{"level":40,"time":1776210475802,"pid":61746,"hostname":"Williams-MBP.lan","step":"structure-comments","item":"1-c.json","error":"Agent rate-limited (rate_limit)","retry":1,"backoffMs":16080.102160312075,"isRateLimit":true,"msg":"Item failed, retrying after 16s backoff"}
{"level":40,"time":1776210475802,"pid":61746,"hostname":"Williams-MBP.lan","step":"structure-comments","item":"1-c.json","index":34,"runIndex":"run-1","retry":1,"backoffMs":16080.102160312075,"msg":"Retrying item after 16s backoff"}
{"level":40,"time":1776210484446,"pid":61746,"hostname":"Williams-MBP.lan","step":"structure-comments","item":"8.json","error":"Agent rate-limited (rate_limit)","retry":1,"backoffMs":17260.755560930767,"isRateLimit":true,"msg":"Item failed, retrying after 17s backoff"}
{"level":40,"time":1776210484446,"pid":61746,"hostname":"Williams-MBP.lan","step":"structure-comments","item":"8.json","index":2,"runIndex":"run-1","retry":1,"backoffMs":17260.755560930767,"msg":"Retrying item after 17s backoff"}
{"level":40,"time":1776210491113,"pid":61746,"hostname":"Williams-MBP.lan","step":"structure-comments","item":"2-a.json","error":"Agent rate-limited (rate_limit)","retry":2,"backoffMs":32388.424073463164,"isRateLimit":true,"msg":"Item failed, retrying after 32s backoff"}
{"level":40,"time":1776210491113,"pid":61746,"hostname":"Williams-MBP.lan","step":"structure-comments","item":"2-a.json","index":10,"runIndex":"run-1","retry":2,"backoffMs":32388.424073463164,"msg":"Retrying item after 32s backoff"}
{"level":40,"time":1776210492575,"pid":61746,"hostname":"Williams-MBP.lan","step":"structure-comments","item":"1-c.json","error":"Agent rate-limited (rate_limit)","retry":2,"backoffMs":34726.62161035242,"isRateLimit":true,"msg":"Item failed, retrying after 35s backoff"}
{"level":40,"time":1776210492575,"pid":61746,"hostname":"Williams-MBP.lan","step":"structure-comments","item":"1-c.json","index":34,"runIndex":"run-1","retry":2,"backoffMs":34726.62161035242,"msg":"Retrying item after 35s backoff"}
{"level":50,"time":1776210499900,"pid":61746,"hostname":"Williams-MBP.lan","step":"structure-comments","item":"1-t.json","error":"Agent rate-limited (rate_limit)","msg":"Item failed after max retries"}
{"level":40,"time":1776210500757,"pid":61746,"hostname":"Williams-MBP.lan","step":"structure-comments","item":"1-b.json","error":"Agent rate-limited (rate_limit)","retry":1,"backoffMs":18238.337345268235,"isRateLimit":true,"msg":"Item failed, retrying after 18s backoff"}
{"level":40,"time":1776210500757,"pid":61746,"hostname":"Williams-MBP.lan","step":"structure-comments","item":"1-b.json","index":35,"runIndex":"run-1","retry":1,"backoffMs":18238.337345268235,"msg":"Retrying item after 18s backoff"}
{"level":40,"time":1776210502437,"pid":61746,"hostname":"Williams-MBP.lan","step":"structure-comments","item":"8.json","error":"Agent rate-limited (rate_limit)","retry":2,"backoffMs":33017.4056839424,"isRateLimit":true,"msg":"Item failed, retrying after 33s backoff"}
{"level":40,"time":1776210502437,"pid":61746,"hostname":"Williams-MBP.lan","step":"structure-comments","item":"8.json","index":2,"runIndex":"run-1","retry":2,"backoffMs":33017.4056839424,"msg":"Retrying item after 33s backoff"}
{"level":50,"time":1776210503603,"pid":61746,"hostname":"Williams-MBP.lan","step":"structure-comments","item":"1-f.json","error":"Agent rate-limited (rate_limit)","msg":"Item failed after max retries"}
{"level":40,"time":1776210504298,"pid":61746,"hostname":"Williams-MBP.lan","step":"structure-comments","item":"1-ac.json","error":"Agent rate-limited (rate_limit)","retry":1,"backoffMs":15931.014661860401,"isRateLimit":true,"msg":"Item failed, retrying after 16s backoff"}
{"level":40,"time":1776210504298,"pid":61746,"hostname":"Williams-MBP.lan","step":"structure-comments","item":"1-ac.json","index":36,"runIndex":"run-1","retry":1,"backoffMs":15931.014661860401,"msg":"Retrying item after 16s backoff"}
{"level":40,"time":1776210519755,"pid":61746,"hostname":"Williams-MBP.lan","step":"structure-comments","item":"1-b.json","error":"Agent rate-limited (rate_limit)","retry":2,"backoffMs":34975.52597620401,"isRateLimit":true,"msg":"Item failed, retrying after 35s backoff"}
{"level":40,"time":1776210519755,"pid":61746,"hostname":"Williams-MBP.lan","step":"structure-comments","item":"1-b.json","index":35,"runIndex":"run-1","retry":2,"backoffMs":34975.52597620401,"msg":"Retrying item after 35s backoff"}
{"level":40,"time":1776210520528,"pid":61746,"hostname":"Williams-MBP.lan","step":"structure-comments","item":"3.json","error":"Agent rate-limited (rate_limit)","retry":1,"backoffMs":15662.500410570778,"isRateLimit":true,"msg":"Item failed, retrying after 16s backoff"}
{"level":40,"time":1776210520528,"pid":61746,"hostname":"Williams-MBP.lan","step":"structure-comments","item":"3.json","index":7,"runIndex":"run-1","retry":1,"backoffMs":15662.500410570778,"msg":"Retrying item after 16s backoff"}
{"level":40,"time":1776210521138,"pid":61746,"hostname":"Williams-MBP.lan","step":"structure-comments","item":"1-ac.json","error":"Agent rate-limited (rate_limit)","retry":2,"backoffMs":32658.730915693224,"isRateLimit":true,"msg":"Item failed, retrying after 33s backoff"}
{"level":40,"time":1776210521138,"pid":61746,"hostname":"Williams-MBP.lan","step":"structure-comments","item":"1-ac.json","index":36,"runIndex":"run-1","retry":2,"backoffMs":32658.730915693224,"msg":"Retrying item after 33s backoff"}
{"level":50,"time":1776210524314,"pid":61746,"hostname":"Williams-MBP.lan","step":"structure-comments","item":"2-a.json","error":"Agent rate-limited (rate_limit)","msg":"Item failed after max retries"}
{"level":40,"time":1776210525223,"pid":61746,"hostname":"Williams-MBP.lan","step":"structure-comments","item":"1-ab.json","error":"Agent rate-limited (rate_limit)","retry":1,"backoffMs":16859.2260087183,"isRateLimit":true,"msg":"Item failed, retrying after 17s backoff"}
{"level":40,"time":1776210525223,"pid":61746,"hostname":"Williams-MBP.lan","step":"structure-comments","item":"1-ab.json","index":37,"runIndex":"run-1","retry":1,"backoffMs":16859.2260087183,"msg":"Retrying item after 17s backoff"}
{"level":50,"time":1776210530801,"pid":61746,"hostname":"Williams-MBP.lan","step":"structure-comments","item":"1-c.json","error":"Agent rate-limited (rate_limit)","msg":"Item failed after max retries"}
{"level":40,"time":1776210531551,"pid":61746,"hostname":"Williams-MBP.lan","step":"structure-comments","item":"1-aa.json","error":"Agent rate-limited (rate_limit)","retry":1,"backoffMs":16068.375064523438,"isRateLimit":true,"msg":"Item failed, retrying after 16s backoff"}
{"level":40,"time":1776210531551,"pid":61746,"hostname":"Williams-MBP.lan","step":"structure-comments","item":"1-aa.json","index":38,"runIndex":"run-1","retry":1,"backoffMs":16068.375064523438,"msg":"Retrying item after 16s backoff"}
{"level":40,"time":1776210532430,"pid":61746,"hostname":"Williams-MBP.lan","step":"structure-comments","item":"1-n.json","error":"Agent rate-limited (rate_limit)","retry":1,"backoffMs":19248.460545005233,"isRateLimit":true,"msg":"Item failed, retrying after 19s backoff"}
{"level":40,"time":1776210532430,"pid":61746,"hostname":"Williams-MBP.lan","step":"structure-comments","item":"1-n.json","index":23,"runIndex":"run-1","retry":1,"backoffMs":19248.460545005233,"msg":"Retrying item after 19s backoff"}
{"level":50,"time":1776210536255,"pid":61746,"hostname":"Williams-MBP.lan","step":"structure-comments","item":"8.json","error":"Agent rate-limited (rate_limit)","msg":"Item failed after max retries"}
{"level":40,"time":1776210536920,"pid":61746,"hostname":"Williams-MBP.lan","step":"structure-comments","item":"3.json","error":"Agent rate-limited (rate_limit)","retry":2,"backoffMs":34966.793299458535,"isRateLimit":true,"msg":"Item failed, retrying after 35s backoff"}
{"level":40,"time":1776210536920,"pid":61746,"hostname":"Williams-MBP.lan","step":"structure-comments","item":"3.json","index":7,"runIndex":"run-1","retry":2,"backoffMs":34966.793299458535,"msg":"Retrying item after 35s backoff"}
{"level":40,"time":1776210536976,"pid":61746,"hostname":"Williams-MBP.lan","step":"structure-comments","item":"1-a.json","error":"Agent rate-limited (rate_limit)","retry":1,"backoffMs":17564.633079477673,"isRateLimit":true,"msg":"Item failed, retrying after 18s backoff"}
{"level":40,"time":1776210536976,"pid":61746,"hostname":"Williams-MBP.lan","step":"structure-comments","item":"1-a.json","index":39,"runIndex":"run-1","retry":1,"backoffMs":17564.633079477673,"msg":"Retrying item after 18s backoff"}
{"level":40,"time":1776210542881,"pid":61746,"hostname":"Williams-MBP.lan","step":"structure-comments","item":"1-ab.json","error":"Agent rate-limited (rate_limit)","retry":2,"backoffMs":31621.758786363156,"isRateLimit":true,"msg":"Item failed, retrying after 32s backoff"}
{"level":40,"time":1776210542881,"pid":61746,"hostname":"Williams-MBP.lan","step":"structure-comments","item":"1-ab.json","index":37,"runIndex":"run-1","retry":2,"backoffMs":31621.758786363156,"msg":"Retrying item after 32s backoff"}
{"level":40,"time":1776210548312,"pid":61746,"hostname":"Williams-MBP.lan","step":"structure-comments","item":"1-aa.json","error":"Agent rate-limited (rate_limit)","retry":2,"backoffMs":34469.34455448196,"isRateLimit":true,"msg":"Item failed, retrying after 34s backoff"}
{"level":40,"time":1776210548312,"pid":61746,"hostname":"Williams-MBP.lan","step":"structure-comments","item":"1-aa.json","index":38,"runIndex":"run-1","retry":2,"backoffMs":34469.34455448196,"msg":"Retrying item after 34s backoff"}
{"level":40,"time":1776210551996,"pid":61746,"hostname":"Williams-MBP.lan","step":"structure-comments","item":"1-q.json","error":"Agent rate-limited (rate_limit)","retry":1,"backoffMs":18951.17676893093,"isRateLimit":true,"msg":"Item failed, retrying after 19s backoff"}
{"level":40,"time":1776210551996,"pid":61746,"hostname":"Williams-MBP.lan","step":"structure-comments","item":"1-q.json","index":20,"runIndex":"run-1","retry":1,"backoffMs":18951.17676893093,"msg":"Retrying item after 19s backoff"}
{"level":40,"time":1776210552612,"pid":61746,"hostname":"Williams-MBP.lan","step":"structure-comments","item":"1-n.json","error":"Agent rate-limited (rate_limit)","retry":2,"backoffMs":34804.366560388204,"isRateLimit":true,"msg":"Item failed, retrying after 35s backoff"}
{"level":40,"time":1776210552612,"pid":61746,"hostname":"Williams-MBP.lan","step":"structure-comments","item":"1-n.json","index":23,"runIndex":"run-1","retry":2,"backoffMs":34804.366560388204,"msg":"Retrying item after 35s backoff"}
{"level":50,"time":1776210554479,"pid":61746,"hostname":"Williams-MBP.lan","step":"structure-comments","item":"1-ac.json","error":"Agent rate-limited (rate_limit)","msg":"Item failed after max retries"}
{"level":40,"time":1776210555301,"pid":61746,"hostname":"Williams-MBP.lan","step":"structure-comments","item":"1-a.json","error":"Agent rate-limited (rate_limit)","retry":2,"backoffMs":30525.722933691268,"isRateLimit":true,"msg":"Item failed, retrying after 31s backoff"}
{"level":40,"time":1776210555301,"pid":61746,"hostname":"Williams-MBP.lan","step":"structure-comments","item":"1-a.json","index":39,"runIndex":"run-1","retry":2,"backoffMs":30525.722933691268,"msg":"Retrying item after 31s backoff"}
{"level":50,"time":1776210555428,"pid":61746,"hostname":"Williams-MBP.lan","step":"structure-comments","item":"1-b.json","error":"Agent rate-limited (rate_limit)","msg":"Item failed after max retries"}
{"level":40,"time":1776210571680,"pid":61746,"hostname":"Williams-MBP.lan","step":"structure-comments","item":"1-q.json","error":"Agent rate-limited (rate_limit)","retry":2,"backoffMs":30878.74256952253,"isRateLimit":true,"msg":"Item failed, retrying after 31s backoff"}
{"level":40,"time":1776210571680,"pid":61746,"hostname":"Williams-MBP.lan","step":"structure-comments","item":"1-q.json","index":20,"runIndex":"run-1","retry":2,"backoffMs":30878.74256952253,"msg":"Retrying item after 31s backoff"}
{"level":50,"time":1776210572581,"pid":61746,"hostname":"Williams-MBP.lan","step":"structure-comments","item":"3.json","error":"Agent rate-limited (rate_limit)","msg":"Item failed after max retries"}
{"level":50,"time":1776210575249,"pid":61746,"hostname":"Williams-MBP.lan","step":"structure-comments","item":"1-ab.json","error":"Agent rate-limited (rate_limit)","msg":"Item failed after max retries"}
{"level":50,"time":1776210583465,"pid":61746,"hostname":"Williams-MBP.lan","step":"structure-comments","item":"1-aa.json","error":"Agent rate-limited (rate_limit)","msg":"Item failed after max retries"}
{"level":50,"time":1776210586595,"pid":61746,"hostname":"Williams-MBP.lan","step":"structure-comments","item":"1-a.json","error":"Agent rate-limited (rate_limit)","msg":"Item failed after max retries"}
{"level":50,"time":1776210588177,"pid":61746,"hostname":"Williams-MBP.lan","step":"structure-comments","item":"1-n.json","error":"Agent rate-limited (rate_limit)","msg":"Item failed after max retries"}
{"level":50,"time":1776210603276,"pid":61746,"hostname":"Williams-MBP.lan","step":"structure-comments","item":"1-q.json","error":"Agent rate-limited (rate_limit)","msg":"Item failed after max retries"}
{"level":40,"time":1776210608932,"pid":61746,"hostname":"Williams-MBP.lan","step":"structure-comments","item":"1-r.json","error":"Agent rate-limited (rate_limit)","retry":1,"backoffMs":17533.50088641634,"isRateLimit":true,"msg":"Item failed, retrying after 18s backoff"}
{"level":40,"time":1776210608932,"pid":61746,"hostname":"Williams-MBP.lan","step":"structure-comments","item":"1-r.json","index":19,"runIndex":"run-1","retry":1,"backoffMs":17533.50088641634,"msg":"Retrying item after 18s backoff"}
{"level":40,"time":1776210611729,"pid":61746,"hostname":"Williams-MBP.lan","step":"structure-comments","item":"1-p.json","error":"Agent rate-limited (rate_limit)","retry":1,"backoffMs":17262.504554868796,"isRateLimit":true,"msg":"Item failed, retrying after 17s backoff"}
{"level":40,"time":1776210611729,"pid":61746,"hostname":"Williams-MBP.lan","step":"structure-comments","item":"1-p.json","index":21,"runIndex":"run-1","retry":1,"backoffMs":17262.504554868796,"msg":"Retrying item after 17s backoff"}
{"level":40,"time":1776210612238,"pid":61746,"hostname":"Williams-MBP.lan","step":"structure-comments","item":"1-o.json","error":"Agent rate-limited (rate_limit)","retry":1,"backoffMs":15788.56280597063,"isRateLimit":true,"msg":"Item failed, retrying after 16s backoff"}
{"level":40,"time":1776210612238,"pid":61746,"hostname":"Williams-MBP.lan","step":"structure-comments","item":"1-o.json","index":22,"runIndex":"run-1","retry":1,"backoffMs":15788.56280597063,"msg":"Retrying item after 16s backoff"}
{"level":40,"time":1776210627239,"pid":61746,"hostname":"Williams-MBP.lan","step":"structure-comments","item":"1-r.json","error":"Agent rate-limited (rate_limit)","retry":2,"backoffMs":33470.19904824378,"isRateLimit":true,"msg":"Item failed, retrying after 33s backoff"}
{"level":40,"time":1776210627239,"pid":61746,"hostname":"Williams-MBP.lan","step":"structure-comments","item":"1-r.json","index":19,"runIndex":"run-1","retry":2,"backoffMs":33470.19904824378,"msg":"Retrying item after 33s backoff"}
{"level":40,"time":1776210628734,"pid":61746,"hostname":"Williams-MBP.lan","step":"structure-comments","item":"1-o.json","error":"Agent rate-limited (rate_limit)","retry":2,"backoffMs":34922.47876097509,"isRateLimit":true,"msg":"Item failed, retrying after 35s backoff"}
{"level":40,"time":1776210628734,"pid":61746,"hostname":"Williams-MBP.lan","step":"structure-comments","item":"1-o.json","index":22,"runIndex":"run-1","retry":2,"backoffMs":34922.47876097509,"msg":"Retrying item after 35s backoff"}
{"level":40,"time":1776210629761,"pid":61746,"hostname":"Williams-MBP.lan","step":"structure-comments","item":"1-p.json","error":"Agent rate-limited (rate_limit)","retry":2,"backoffMs":31774.21975837208,"isRateLimit":true,"msg":"Item failed, retrying after 32s backoff"}
{"level":40,"time":1776210629761,"pid":61746,"hostname":"Williams-MBP.lan","step":"structure-comments","item":"1-p.json","index":21,"runIndex":"run-1","retry":2,"backoffMs":31774.21975837208,"msg":"Retrying item after 32s backoff"}
{"level":40,"time":1776210637577,"pid":61746,"hostname":"Williams-MBP.lan","step":"structure-comments","item":"1-l.json","error":"Agent rate-limited (rate_limit)","retry":1,"backoffMs":15114.309913605637,"isRateLimit":true,"msg":"Item failed, retrying after 15s backoff"}
{"level":40,"time":1776210637577,"pid":61746,"hostname":"Williams-MBP.lan","step":"structure-comments","item":"1-l.json","index":25,"runIndex":"run-1","retry":1,"backoffMs":15114.309913605637,"msg":"Retrying item after 15s backoff"}
{"level":40,"time":1776210653460,"pid":61746,"hostname":"Williams-MBP.lan","step":"structure-comments","item":"1-l.json","error":"Agent rate-limited (rate_limit)","retry":2,"backoffMs":31338.098851612707,"isRateLimit":true,"msg":"Item failed, retrying after 31s backoff"}
{"level":40,"time":1776210653460,"pid":61746,"hostname":"Williams-MBP.lan","step":"structure-comments","item":"1-l.json","index":25,"runIndex":"run-1","retry":2,"backoffMs":31338.098851612707,"msg":"Retrying item after 31s backoff"}
{"level":50,"time":1776210661427,"pid":61746,"hostname":"Williams-MBP.lan","step":"structure-comments","item":"1-r.json","error":"Agent rate-limited (rate_limit)","msg":"Item failed after max retries"}
{"level":50,"time":1776210662253,"pid":61746,"hostname":"Williams-MBP.lan","step":"structure-comments","item":"1-p.json","error":"Agent rate-limited (rate_limit)","msg":"Item failed after max retries"}
{"level":40,"time":1776210662924,"pid":61746,"hostname":"Williams-MBP.lan","step":"structure-comments","item":"1-k.json","error":"Agent rate-limited (rate_limit)","retry":1,"backoffMs":15717.435887819349,"isRateLimit":true,"msg":"Item failed, retrying after 16s backoff"}
{"level":40,"time":1776210662925,"pid":61746,"hostname":"Williams-MBP.lan","step":"structure-comments","item":"1-k.json","index":26,"runIndex":"run-1","retry":1,"backoffMs":15717.435887819349,"msg":"Retrying item after 16s backoff"}
{"level":50,"time":1776210664379,"pid":61746,"hostname":"Williams-MBP.lan","step":"structure-comments","item":"1-o.json","error":"Agent rate-limited (rate_limit)","msg":"Item failed after max retries"}
{"level":40,"time":1776210679350,"pid":61746,"hostname":"Williams-MBP.lan","step":"structure-comments","item":"1-k.json","error":"Agent rate-limited (rate_limit)","retry":2,"backoffMs":33111.27014312379,"isRateLimit":true,"msg":"Item failed, retrying after 33s backoff"}
{"level":40,"time":1776210679350,"pid":61746,"hostname":"Williams-MBP.lan","step":"structure-comments","item":"1-k.json","index":26,"runIndex":"run-1","retry":2,"backoffMs":33111.27014312379,"msg":"Retrying item after 33s backoff"}
{"level":50,"time":1776210685664,"pid":61746,"hostname":"Williams-MBP.lan","step":"structure-comments","item":"1-l.json","error":"Agent rate-limited (rate_limit)","msg":"Item failed after max retries"}
{"level":40,"time":1776210710077,"pid":61746,"hostname":"Williams-MBP.lan","step":"structure-comments","item":"1-j.json","error":"Agent rate-limited (rate_limit)","retry":1,"backoffMs":16277.235511287667,"isRateLimit":true,"msg":"Item failed, retrying after 16s backoff"}
{"level":40,"time":1776210710078,"pid":61746,"hostname":"Williams-MBP.lan","step":"structure-comments","item":"1-j.json","index":27,"runIndex":"run-1","retry":1,"backoffMs":16277.235511287667,"msg":"Retrying item after 16s backoff"}
{"level":50,"time":1776210713231,"pid":61746,"hostname":"Williams-MBP.lan","step":"structure-comments","item":"1-k.json","error":"Agent rate-limited (rate_limit)","msg":"Item failed after max retries"}
{"level":40,"time":1776210727058,"pid":61746,"hostname":"Williams-MBP.lan","step":"structure-comments","item":"1-j.json","error":"Agent rate-limited (rate_limit)","retry":2,"backoffMs":34913.13699598663,"isRateLimit":true,"msg":"Item failed, retrying after 35s backoff"}
{"level":40,"time":1776210727058,"pid":61746,"hostname":"Williams-MBP.lan","step":"structure-comments","item":"1-j.json","index":27,"runIndex":"run-1","retry":2,"backoffMs":34913.13699598663,"msg":"Retrying item after 35s backoff"}
{"level":50,"time":1776210762683,"pid":61746,"hostname":"Williams-MBP.lan","step":"structure-comments","item":"1-j.json","error":"Agent rate-limited (rate_limit)","msg":"Item failed after max retries"}
{"level":40,"time":1776210771504,"pid":61746,"hostname":"Williams-MBP.lan","step":"structure-comments","item":"1-i.json","error":"Agent rate-limited (rate_limit)","retry":1,"backoffMs":18251.330856956254,"isRateLimit":true,"msg":"Item failed, retrying after 18s backoff"}
{"level":40,"time":1776210771504,"pid":61746,"hostname":"Williams-MBP.lan","step":"structure-comments","item":"1-i.json","index":28,"runIndex":"run-1","retry":1,"backoffMs":18251.330856956254,"msg":"Retrying item after 18s backoff"}
{"level":40,"time":1776210791129,"pid":61746,"hostname":"Williams-MBP.lan","step":"structure-comments","item":"1-i.json","error":"Agent rate-limited (rate_limit)","retry":2,"backoffMs":34344.49185885791,"isRateLimit":true,"msg":"Item failed, retrying after 34s backoff"}
{"level":40,"time":1776210791129,"pid":61746,"hostname":"Williams-MBP.lan","step":"structure-comments","item":"1-i.json","index":28,"runIndex":"run-1","retry":2,"backoffMs":34344.49185885791,"msg":"Retrying item after 34s backoff"}
{"level":40,"time":1776210825186,"pid":61746,"hostname":"Williams-MBP.lan","step":"structure-comments","item":"1-m.json","error":"Agent rate-limited (rate_limit)","retry":1,"backoffMs":15917.276362071892,"isRateLimit":true,"msg":"Item failed, retrying after 16s backoff"}
{"level":40,"time":1776210825186,"pid":61746,"hostname":"Williams-MBP.lan","step":"structure-comments","item":"1-m.json","index":24,"runIndex":"run-1","retry":1,"backoffMs":15917.276362071892,"msg":"Retrying item after 16s backoff"}
{"level":50,"time":1776210826175,"pid":61746,"hostname":"Williams-MBP.lan","step":"structure-comments","item":"1-i.json","error":"Agent rate-limited (rate_limit)","msg":"Item failed after max retries"}
{"level":40,"time":1776210841844,"pid":61746,"hostname":"Williams-MBP.lan","step":"structure-comments","item":"1-m.json","error":"Agent rate-limited (rate_limit)","retry":2,"backoffMs":32039.508954953944,"isRateLimit":true,"msg":"Item failed, retrying after 32s backoff"}
{"level":40,"time":1776210841844,"pid":61746,"hostname":"Williams-MBP.lan","step":"structure-comments","item":"1-m.json","index":24,"runIndex":"run-1","retry":2,"backoffMs":32039.508954953944,"msg":"Retrying item after 32s backoff"}
{"level":40,"time":1776210856438,"pid":61746,"hostname":"Williams-MBP.lan","step":"structure-comments","item":"1-g.json","error":"Agent rate-limited (rate_limit)","retry":1,"backoffMs":18343.519815832,"isRateLimit":true,"msg":"Item failed, retrying after 18s backoff"}
{"level":40,"time":1776210856438,"pid":61746,"hostname":"Williams-MBP.lan","step":"structure-comments","item":"1-g.json","index":30,"runIndex":"run-1","retry":1,"backoffMs":18343.519815832,"msg":"Retrying item after 18s backoff"}
{"level":40,"time":1776210856605,"pid":61746,"hostname":"Williams-MBP.lan","step":"structure-comments","item":"1-d.json","error":"Agent rate-limited (rate_limit)","retry":1,"backoffMs":17729.581763534403,"isRateLimit":true,"msg":"Item failed, retrying after 18s backoff"}
{"level":40,"time":1776210856605,"pid":61746,"hostname":"Williams-MBP.lan","step":"structure-comments","item":"1-d.json","index":33,"runIndex":"run-1","retry":1,"backoffMs":17729.581763534403,"msg":"Retrying item after 18s backoff"}
{"level":40,"time":1776210873461,"pid":61746,"hostname":"Williams-MBP.lan","step":"structure-comments","item":"1-e.json","error":"Agent rate-limited (rate_limit)","retry":1,"backoffMs":18615.989447156848,"isRateLimit":true,"msg":"Item failed, retrying after 19s backoff"}
{"level":40,"time":1776210873461,"pid":61746,"hostname":"Williams-MBP.lan","step":"structure-comments","item":"1-e.json","index":32,"runIndex":"run-1","retry":1,"backoffMs":18615.989447156848,"msg":"Retrying item after 19s backoff"}
{"level":50,"time":1776210874571,"pid":61746,"hostname":"Williams-MBP.lan","step":"structure-comments","item":"1-m.json","error":"Agent rate-limited (rate_limit)","msg":"Item failed after max retries"}
{"level":40,"time":1776210874993,"pid":61746,"hostname":"Williams-MBP.lan","step":"structure-comments","item":"1-d.json","error":"Agent rate-limited (rate_limit)","retry":2,"backoffMs":33626.73262976074,"isRateLimit":true,"msg":"Item failed, retrying after 34s backoff"}
{"level":40,"time":1776210874993,"pid":61746,"hostname":"Williams-MBP.lan","step":"structure-comments","item":"1-d.json","index":33,"runIndex":"run-1","retry":2,"backoffMs":33626.73262976074,"msg":"Retrying item after 34s backoff"}
{"level":40,"time":1776210875475,"pid":61746,"hostname":"Williams-MBP.lan","step":"structure-comments","item":"1-g.json","error":"Agent rate-limited (rate_limit)","retry":2,"backoffMs":34441.878669612044,"isRateLimit":true,"msg":"Item failed, retrying after 34s backoff"}
{"level":40,"time":1776210875475,"pid":61746,"hostname":"Williams-MBP.lan","step":"structure-comments","item":"1-g.json","index":30,"runIndex":"run-1","retry":2,"backoffMs":34441.878669612044,"msg":"Retrying item after 34s backoff"}
{"level":40,"time":1776210892781,"pid":61746,"hostname":"Williams-MBP.lan","step":"structure-comments","item":"1-e.json","error":"Agent rate-limited (rate_limit)","retry":2,"backoffMs":33126.49813440353,"isRateLimit":true,"msg":"Item failed, retrying after 33s backoff"}
{"level":40,"time":1776210892781,"pid":61746,"hostname":"Williams-MBP.lan","step":"structure-comments","item":"1-e.json","index":32,"runIndex":"run-1","retry":2,"backoffMs":33126.49813440353,"msg":"Retrying item after 33s backoff"}
{"level":50,"time":1776210909414,"pid":61746,"hostname":"Williams-MBP.lan","step":"structure-comments","item":"1-d.json","error":"Agent rate-limited (rate_limit)","msg":"Item failed after max retries"}
{"level":40,"time":1776210910514,"pid":61746,"hostname":"Williams-MBP.lan","step":"structure-comments","item":"1-h.json","error":"Agent rate-limited (rate_limit)","retry":1,"backoffMs":15008.396349530993,"isRateLimit":true,"msg":"Item failed, retrying after 15s backoff"}
{"level":40,"time":1776210910514,"pid":61746,"hostname":"Williams-MBP.lan","step":"structure-comments","item":"1-h.json","index":29,"runIndex":"run-1","retry":1,"backoffMs":15008.396349530993,"msg":"Retrying item after 15s backoff"}
{"level":50,"time":1776210910698,"pid":61746,"hostname":"Williams-MBP.lan","step":"structure-comments","item":"1-g.json","error":"Agent rate-limited (rate_limit)","msg":"Item failed after max retries"}
{"level":40,"time":1776210926227,"pid":61746,"hostname":"Williams-MBP.lan","step":"structure-comments","item":"1-h.json","error":"Agent rate-limited (rate_limit)","retry":2,"backoffMs":34035.26719842829,"isRateLimit":true,"msg":"Item failed, retrying after 34s backoff"}
{"level":40,"time":1776210926227,"pid":61746,"hostname":"Williams-MBP.lan","step":"structure-comments","item":"1-h.json","index":29,"runIndex":"run-1","retry":2,"backoffMs":34035.26719842829,"msg":"Retrying item after 34s backoff"}
{"level":50,"time":1776210926695,"pid":61746,"hostname":"Williams-MBP.lan","step":"structure-comments","item":"1-e.json","error":"Agent rate-limited (rate_limit)","msg":"Item failed after max retries"}
{"level":50,"time":1776210960992,"pid":61746,"hostname":"Williams-MBP.lan","step":"structure-comments","item":"1-h.json","error":"Agent rate-limited (rate_limit)","msg":"Item failed after max retries"}
{"level":50,"time":1776210960992,"pid":61746,"hostname":"Williams-MBP.lan","step":"structure-comments","error":"25 items failed","msg":"Step failed"}
{"level":50,"time":1776210996575,"pid":61746,"hostname":"Williams-MBP.lan","workflow":"review-4.3","error":"Step 'structure-comments' failed: 25 items failed","msg":"Conductor failed"}
{"level":40,"time":1776248658252,"pid":88878,"hostname":"Williams-MBP.lan","step":"organize-sections","step":"organize-sections","retry":1,"maxRetries":2,"error":"Agent rate-limited (rate_limit)","backoffMs":19526.386583491312,"isRateLimit":true,"msg":"Agent failed, retrying after 20s backoff..."}
{"level":40,"time":1776248678527,"pid":88878,"hostname":"Williams-MBP.lan","step":"organize-sections","step":"organize-sections","retry":2,"maxRetries":2,"error":"Agent rate-limited (rate_limit)","backoffMs":30492.163218421876,"isRateLimit":true,"msg":"Agent failed, retrying after 30s backoff..."}
{"level":50,"time":1776248709692,"pid":88878,"hostname":"Williams-MBP.lan","step":"organize-sections","step":"organize-sections","error":"Agent rate-limited (rate_limit)","msg":"Step failed"}
{"level":50,"time":1776248709693,"pid":88878,"hostname":"Williams-MBP.lan","step":"organize-sections","error":"Agent rate-limited (rate_limit)","msg":"Step failed"}
{"level":50,"time":1776248744101,"pid":88878,"hostname":"Williams-MBP.lan","workflow":"review-4.3","error":"Step 'organize-sections' failed: Agent rate-limited (rate_limit)","msg":"Conductor failed"}
{"level":40,"time":1776250401747,"pid":93606,"hostname":"Williams-MBP.lan","step":"organize-sections","step":"organize-sections","retry":1,"maxRetries":2,"error":"Agent error (authentication_failed): API returned a non-recoverable error","backoffMs":4214.943335132863,"isRateLimit":false,"msg":"Agent failed, retrying after 4s backoff..."}
{"level":40,"time":1776250406840,"pid":93606,"hostname":"Williams-MBP.lan","step":"organize-sections","step":"organize-sections","retry":2,"maxRetries":2,"error":"Agent error (authentication_failed): API returned a non-recoverable error","backoffMs":6487.094761517594,"isRateLimit":false,"msg":"Agent failed, retrying after 6s backoff..."}
{"level":50,"time":1776250414051,"pid":93606,"hostname":"Williams-MBP.lan","step":"organize-sections","step":"organize-sections","error":"Agent error (authentication_failed): API returned a non-recoverable error","msg":"Step failed"}
{"level":50,"time":1776250414051,"pid":93606,"hostname":"Williams-MBP.lan","step":"organize-sections","error":"Agent error (authentication_failed): API returned a non-recoverable error","msg":"Step failed"}
{"level":50,"time":1776250447376,"pid":93606,"hostname":"Williams-MBP.lan","workflow":"review-4.3","error":"Step 'organize-sections' failed: Agent error (authentication_failed): API returned a non-recoverable error","msg":"Conductor failed"}
